// Vitest Snapshot v1, https://vitest.dev/guide/snapshot.html

exports[`SubscriptionsPage > Should load page title 1`] = `
<div>
  <div
    class="rt-Container rt-r-size-4 w-11/12 pt-10"
  >
    <div
      class="rt-ContainerInner"
    >
      <p
        class="rt-Text rt-r-size-7 leading-7 [&:not(:first-child)]:mt-6"
      >
        Subscriptions
      </p>
      <div
        class="flex items-center space-x-2 pt-5"
      >
        <button
          aria-autocomplete="none"
          aria-controls="radix-:r0:"
          aria-expanded="false"
          class="flex h-10 items-center justify-between rounded-md border border-input bg-background px-3 py-2 text-sm ring-offset-background placeholder:text-muted-foreground focus:outline-none focus:ring-2 focus:ring-ring focus:ring-offset-2 disabled:cursor-not-allowed disabled:opacity-50 [&>span]:line-clamp-1 w-[180px]"
          data-state="closed"
          data-testid="filter-trigger"
          dir="ltr"
          role="combobox"
          type="button"
        >
          <span
            style="pointer-events: none;"
          >
            All
          </span>
          <svg
            aria-hidden="true"
            class="lucide lucide-chevron-down h-4 w-4 opacity-50"
            fill="none"
            height="24"
            stroke="currentColor"
            stroke-linecap="round"
            stroke-linejoin="round"
            stroke-width="2"
            viewBox="0 0 24 24"
            width="24"
            xmlns="http://www.w3.org/2000/svg"
          >
            <path
              d="m6 9 6 6 6-6"
            />
          </svg>
        </button>
      </div>
      <div
        class="py-8"
      >
        <div
          class="flex items-center space-x-4 py-5"
        >
          <div
            class="animate-pulse bg-muted h-12 w-12 rounded-full"
          />
          <div
            class="space-y-2"
          >
            <div
              class="animate-pulse rounded-md bg-muted h-4 w-[250px]"
            />
            <div
              class="animate-pulse rounded-md bg-muted h-4 w-[200px]"
            />
          </div>
        </div>
        <div
          class="flex items-center space-x-4 py-5"
        >
          <div
            class="animate-pulse bg-muted h-12 w-12 rounded-full"
          />
          <div
            class="space-y-2"
          >
            <div
              class="animate-pulse rounded-md bg-muted h-4 w-[250px]"
            />
            <div
              class="animate-pulse rounded-md bg-muted h-4 w-[200px]"
            />
          </div>
        </div>
        <div
          class="flex items-center space-x-4 py-5"
        >
          <div
            class="animate-pulse bg-muted h-12 w-12 rounded-full"
          />
          <div
            class="space-y-2"
          >
            <div
              class="animate-pulse rounded-md bg-muted h-4 w-[250px]"
            />
            <div
              class="animate-pulse rounded-md bg-muted h-4 w-[200px]"
            />
          </div>
        </div>
      </div>
    </div>
  </div>
</div>
`;
